// Jest Snapshot v1, https://goo.gl/fbAQLP

exports[`h() Snapshot matches 1`] = `
<form>
  
        
  <div>
    
          
    First name: 
    <input
      type="text"
    />
    
          
    Last name: 
    <input
      type="text"
    />
    
          
    Age: 
    <input
      type="number"
    />
    
          
    Address: 
    <input
      type="text"
    />
    
        
  </div>
  
        
  <div>
    <button
      data-is-default="false"
      style="padding: 0px 0px 0px 50px; font-family: Arial; margin: 0px;"
      type="submit"
    >
      Submit
    </button>
  </div>
  
      
</form>
`;
